// Jest Snapshot v1, https://goo.gl/fbAQLP

exports[`App App renders correctly with data on single app. 1`] = `
<BrowserRouter>
  <AppComponent
    className="hcmapplication"
    content="test"
    match={
      Object {
        "isExact": false,
        "params": Object {},
        "path": "/multicloud",
        "url": "/multicloud",
      }
    }
    serverProps={
      Object {
        "context": Object {
          "locale": "en-US",
        },
        "xsrfToken": "test",
      }
    }
    staticContext={
      Object {
        "context": Object {
          "locale": "en",
        },
        "title": "Multicloud Manager",
        "xsrfToken": "abc",
      }
    }
  />
</BrowserRouter>
`;
